
> actif-platform@0.1.0 build
> next build

Γû▓ Next.js 16.1.6 (Turbopack)

  Creating an optimized production build ...
node.exe : 
At line:1 char:1
+ & "C:\Program 
Files\nodejs/node.exe" "C:\Use
rs\Virendra\AppData\Roami ...
+ ~~~~~~~~~~~~~~~~~~~~~~~~~~~~
~~~~~~~~~~~~~~~~~~~~~~~~~~~~~~
~~~~~~~~~~~
    + CategoryInfo          : 
    NotSpecified: (:String)   
  [], RemoteException
    + FullyQualifiedErrorId : 
    NativeCommandError
 
> Build error occurred
Error: Turbopack build failed 
with 9 errors:
./src/components/analytics/ind
ex.ts:4:1
Module not found: Can't 
resolve './MaturityCharts'
[0m [90m 2 |[39m 
[36mexport[39m { 
[33mTRLProgression[39m } 
[36mfrom[39m [32m"./TRLProg
ression"[39m[33m;[39m
 [90m 3 |[39m 
[36mexport[39m { 
[33mMaturityCurves[39m } 
[36mfrom[39m [32m"./Maturit
yCurves"[39m[33m;[39m
[31m[1m>[22m[39m[90m 4 
|[39m [36mexport[39m { 
[33mMaturityCharts[39m } 
[36mfrom[39m [32m"./Maturit
yCharts"[39m[33m;[39m
 [90m   |[39m [31m[1m^[22
m[39m[31m[1m^[22m[39m[31
m[1m^[22m[39m[31m[1m^[22
m[39m[31m[1m^[22m[39m[31
m[1m^[22m[39m[31m[1m^[22
m[39m[31m[1m^[22m[39m[31
m[1m^[22m[39m[31m[1m^[22
m[39m[31m[1m^[22m[39m[31
m[1m^[22m[39m[31m[1m^[22
m[39m[31m[1m^[22m[39m[31
m[1m^[22m[39m[31m[1m^[22
m[39m[31m[1m^[22m[39m[31
m[1m^[22m[39m[31m[1m^[22
m[39m[31m[1m^[22m[39m[31
m[1m^[22m[39m[31m[1m^[22
m[39m[31m[1m^[22m[39m[31
m[1m^[22m[39m[31m[1m^[22
m[39m[31m[1m^[22m[39m[31
m[1m^[22m[39m[31m[1m^[22
m[39m[31m[1m^[22m[39m[31
m[1m^[22m[39m[31m[1m^[22
m[39m[31m[1m^[22m[39m[31
m[1m^[22m[39m[31m[1m^[22
m[39m[31m[1m^[22m[39m[31
m[1m^[22m[39m[31m[1m^[22
m[39m[31m[1m^[22m[39m[31
m[1m^[22m[39m[31m[1m^[22
m[39m[31m[1m^[22m[39m[31
m[1m^[22m[39m[31m[1m^[22
m[39m[31m[1m^[22m[39m[31
m[1m^[22m[39m[31m[1m^[22
m[39m[31m[1m^[22m[39m[31
m[1m^[22m[39m[31m[1m^[22
m[39m[31m[1m^[22m[39m
 [90m 5 |[39m 
[36mexport[39m { 
[33mGraphLegend[39m } 
[36mfrom[39m [32m"./GraphLe
gend"[39m[33m;[39m
 [90m 6 |[39m 
[36mexport[39m { 
[33mGraphFilters[39m } 
[36mfrom[39m [32m"./GraphFi
lters"[39m[33m;[39m
 [90m 7 |[39m 
[36mexport[39m { 
[33mKnowledgeGraph[39m } 
[36mfrom[39m [32m"./Knowled
geGraph"[39m[33m;[39m[0m



Import traces:
  Server Component:
    ./src/components/analytics
/index.ts
    ./src/app/(dashboard)/conv
ergence/page.tsx

  Client Component Browser:
    ./src/components/analytics
/index.ts [Client Component 
Browser]
    ./src/components/spatial/S
ituationRegion.tsx [Client 
Component Browser]
    ./src/app/(dashboard)/over
view/page.tsx [Client 
Component Browser]
    ./src/app/(dashboard)/over
view/page.tsx [Server 
Component]

  Client Component SSR:
    ./src/components/analytics
/index.ts [Client Component 
SSR]
    ./src/components/spatial/S
ituationRegion.tsx [Client 
Component SSR]
    ./src/app/(dashboard)/over
view/page.tsx [Client 
Component SSR]
    ./src/app/(dashboard)/over
view/page.tsx [Server 
Component]

https://nextjs.org/docs/messag
es/module-not-found


./src/app/(dashboard)/explorer
/page.tsx:5:1
Module not found: Can't 
resolve 
'@/components/explorer'
[0m [90m 3 |[39m 
[36mimport[39m { 
useState[33m,[39m useMemo } 
[36mfrom[39m 
[32m"react"[39m[33m;[39m
 [90m 4 |[39m 
[36mimport[39m { 
[33mPageContainer[39m } 
[36mfrom[39m [32m"@/compone
nts/layout/PageContainer"[39m
[33m;[39m
[31m[1m>[22m[39m[90m 5 
|[39m [36mimport[39m { 
[33mTechCard[39m[33m,[39m 
[33mTechDetailPanel[39m } 
[36mfrom[39m [32m"@/compone
nts/explorer"[39m[33m;[39m
 [90m   |[39m [31m[1m^[22
m[39m[31m[1m^[22m[39m[31
m[1m^[22m[39m[31m[1m^[22
m[39m[31m[1m^[22m[39m[31
m[1m^[22m[39m[31m[1m^[22
m[39m[31m[1m^[22m[39m[31
m[1m^[22m[39m[31m[1m^[22
m[39m[31m[1m^[22m[39m[31
m[1m^[22m[39m[31m[1m^[22
m[39m[31m[1m^[22m[39m[31
m[1m^[22m[39m[31m[1m^[22
m[39m[31m[1m^[22m[39m[31
m[1m^[22m[39m[31m[1m^[22
m[39m[31m[1m^[22m[39m[31
m[1m^[22m[39m[31m[1m^[22
m[39m[31m[1m^[22m[39m[31
m[1m^[22m[39m[31m[1m^[22
m[39m[31m[1m^[22m[39m[31
m[1m^[22m[39m[31m[1m^[22
m[39m[31m[1m^[22m[39m[31
m[1m^[22m[39m[31m[1m^[22
m[39m[31m[1m^[22m[39m[31
m[1m^[22m[39m[31m[1m^[22
m[39m[31m[1m^[22m[39m[31
m[1m^[22m[39m[31m[1m^[22
m[39m[31m[1m^[22m[39m[31
m[1m^[22m[39m[31m[1m^[22
m[39m[31m[1m^[22m[39m[31
m[1m^[22m[39m[31m[1m^[22
m[39m[31m[1m^[22m[39m[31
m[1m^[22m[39m[31m[1m^[22
m[39m[31m[1m^[22m[39m[31
m[1m^[22m[39m[31m[1m^[22
m[39m[31m[1m^[22m[39m[31
m[1m^[22m[39m[31m[1m^[22
m[39m[31m[1m^[22m[39m[31
m[1m^[22m[39m[31m[1m^[22
m[39m[31m[1m^[22m[39m[31
m[1m^[22m[39m[31m[1m^[22
m[39m[31m[1m^[22m[39m[31
m[1m^[22m[39m[31m[1m^[22
m[39m[31m[1m^[22m[39m[31
m[1m^[22m[39m[31m[1m^[22
m[39m[31m[1m^[22m[39m[31
m[1m^[22m[39m
 [90m 6 |[39m 
[36mimport[39m { getExplorer
Documents[33m,[39m 
getUniqueDomains } 
[36mfrom[39m [32m"@/service
s/explorerService"[39m[33m;
[39m
 [90m 7 |[39m 
[36mimport[39m type { 
[33mSourceType[39m } 
[36mfrom[39m [32m"@/data/st
aticData"[39m[33m;[39m
 [90m 8 |[39m[0m

Import map: aliased to 
relative 
'./src/components/explorer' 
inside of [project]/


Import traces:
  Client Component Browser:
    ./src/app/(dashboard)/expl
orer/page.tsx [Client 
Component Browser]
    ./src/app/(dashboard)/expl
orer/page.tsx [Server 
Component]

  Client Component SSR:
    ./src/app/(dashboard)/expl
orer/page.tsx [Client 
Component SSR]
    ./src/app/(dashboard)/expl
orer/page.tsx [Server 
Component]

https://nextjs.org/docs/messag
es/module-not-found


./src/app/(dashboard)/alerts/p
age.tsx:5:1
Module not found: Can't 
resolve 
'@/components/intelligence'
[0m [90m 3 |[39m 
[36mimport[39m 
[33mLink[39m [36mfrom[39m 
[32m"next/link"[39m[33m;[3
9m
 [90m 4 |[39m 
[36mimport[39m { 
[33mPageContainer[39m } 
[36mfrom[39m [32m"@/compone
nts/layout/PageContainer"[39m
[33m;[39m
[31m[1m>[22m[39m[90m 5 
|[39m [36mimport[39m { 
[33mExplanationCard[39m } 
[36mfrom[39m [32m"@/compone
nts/intelligence"[39m[33m;[
39m
 [90m   |[39m [31m[1m^[22
m[39m[31m[1m^[22m[39m[31
m[1m^[22m[39m[31m[1m^[22
m[39m[31m[1m^[22m[39m[31
m[1m^[22m[39m[31m[1m^[22
m[39m[31m[1m^[22m[39m[31
m[1m^[22m[39m[31m[1m^[22
m[39m[31m[1m^[22m[39m[31
m[1m^[22m[39m[31m[1m^[22
m[39m[31m[1m^[22m[39m[31
m[1m^[22m[39m[31m[1m^[22
m[39m[31m[1m^[22m[39m[31
m[1m^[22m[39m[31m[1m^[22
m[39m[31m[1m^[22m[39m[31
m[1m^[22m[39m[31m[1m^[22
m[39m[31m[1m^[22m[39m[31
m[1m^[22m[39m[31m[1m^[22
m[39m[31m[1m^[22m[39m[31
m[1m^[22m[39m[31m[1m^[22
m[39m[31m[1m^[22m[39m[31
m[1m^[22m[39m[31m[1m^[22
m[39m[31m[1m^[22m[39m[31
m[1m^[22m[39m[31m[1m^[22
m[39m[31m[1m^[22m[39m[31
m[1m^[22m[39m[31m[1m^[22
m[39m[31m[1m^[22m[39m[31
m[1m^[22m[39m[31m[1m^[22
m[39m[31m[1m^[22m[39m[31
m[1m^[22m[39m[31m[1m^[22
m[39m[31m[1m^[22m[39m[31
m[1m^[22m[39m[31m[1m^[22
m[39m[31m[1m^[22m[39m[31
m[1m^[22m[39m[31m[1m^[22
m[39m[31m[1m^[22m[39m[31
m[1m^[22m[39m[31m[1m^[22
m[39m[31m[1m^[22m[39m[31
m[1m^[22m[39m[31m[1m^[22
m[39m[31m[1m^[22m[39m[31
m[1m^[22m[39m[31m[1m^[22
m[39m[31m[1m^[22m[39m[31
m[1m^[22m[39m
 [90m 6 |[39m 
[36mimport[39m { getAlertsEx
planation[33m,[39m 
getWeakSignals[33m,[39m 
getConvergenceSignals } 
[36mfrom[39m [32m"@/service
s/intelligenceService"[39m[3
3m;[39m
 [90m 7 |[39m
 [90m 8 |[39m 
[36mexport[39m 
[36mdefault[39m 
[36mfunction[39m 
[33mOverviewPage[39m() {[0m

Import map: aliased to 
relative './src/components/int
elligence' inside of 
[project]/


Import traces:
  Client Component Browser:
    ./src/app/(dashboard)/aler
ts/page.tsx [Client Component 
Browser]
    ./src/app/(dashboard)/aler
ts/page.tsx [Server Component]

  Client Component SSR:
    ./src/app/(dashboard)/aler
ts/page.tsx [Client Component 
SSR]
    ./src/app/(dashboard)/aler
ts/page.tsx [Server Component]

https://nextjs.org/docs/messag
es/module-not-found


./src/components/analytics/Tec
hnologyRadar.tsx:10:1
Module not found: Can't 
resolve '@/context/Intelligenc
eContext'
[0m [90m  8 |[39m 
[36mimport[39m { 
[33mRING_CONFIG[39m } 
[36mfrom[39m [32m"@/types/r
adar"[39m[33m;[39m
 [90m  9 |[39m
[31m[1m>[22m[39m[90m 10 
|[39m [36mimport[39m { 
useIntelligence } 
[36mfrom[39m [32m"@/context
/IntelligenceContext"[39m[33
m;[39m
 [90m    |[39m [31m[1m^[2
2m[39m[31m[1m^[22m[39m[3
1m[1m^[22m[39m[31m[1m^[2
2m[39m[31m[1m^[22m[39m[3
1m[1m^[22m[39m[31m[1m^[2
2m[39m[31m[1m^[22m[39m[3
1m[1m^[22m[39m[31m[1m^[2
2m[39m[31m[1m^[22m[39m[3
1m[1m^[22m[39m[31m[1m^[2
2m[39m[31m[1m^[22m[39m[3
1m[1m^[22m[39m[31m[1m^[2
2m[39m[31m[1m^[22m[39m[3
1m[1m^[22m[39m[31m[1m^[2
2m[39m[31m[1m^[22m[39m[3
1m[1m^[22m[39m[31m[1m^[2
2m[39m[31m[1m^[22m[39m[3
1m[1m^[22m[39m[31m[1m^[2
2m[39m[31m[1m^[22m[39m[3
1m[1m^[22m[39m[31m[1m^[2
2m[39m[31m[1m^[22m[39m[3
1m[1m^[22m[39m[31m[1m^[2
2m[39m[31m[1m^[22m[39m[3
1m[1m^[22m[39m[31m[1m^[2
2m[39m[31m[1m^[22m[39m[3
1m[1m^[22m[39m[31m[1m^[2
2m[39m[31m[1m^[22m[39m[3
1m[1m^[22m[39m[31m[1m^[2
2m[39m[31m[1m^[22m[39m[3
1m[1m^[22m[39m[31m[1m^[2
2m[39m[31m[1m^[22m[39m[3
1m[1m^[22m[39m[31m[1m^[2
2m[39m[31m[1m^[22m[39m[3
1m[1m^[22m[39m[31m[1m^[2
2m[39m[31m[1m^[22m[39m[3
1m[1m^[22m[39m[31m[1m^[2
2m[39m[31m[1m^[22m[39m[3
1m[1m^[22m[39m[31m[1m^[2
2m[39m[31m[1m^[22m[39m[3
1m[1m^[22m[39m[31m[1m^[2
2m[39m[31m[1m^[22m[39m[3
1m[1m^[22m[39m[31m[1m^[2
2m[39m[31m[1m^[22m[39m[3
1m[1m^[22m[39m[31m[1m^[2
2m[39m
 [90m 11 |[39m
 [90m 12 |[39m 
[36mexport[39m 
[36mfunction[39m 
[33mTechnologyRadar[39m({ 
className[33m,[39m 
svgClassName }[33m:[39m { cl
assName[33m?[39m[33m:[39m 
string[33m,[39m svgClassName
[33m?[39m[33m:[39m string 
}) {
 [90m 13 |[39m   
[36mconst[39m technologies 
[33m=[39m getRadarTechnologi
es()[33m;[39m[0m

Import map: aliased to 
relative './src/context/Intell
igenceContext' inside of 
[project]/


Import traces:
  Server Component:
    ./src/components/analytics
/TechnologyRadar.tsx
    ./src/components/analytics
/index.ts
    ./src/app/(dashboard)/conv
ergence/page.tsx

  Client Component Browser:
    ./src/components/analytics
/TechnologyRadar.tsx [Client 
Component Browser]
    ./src/components/spatial/S
ituationRegion.tsx [Client 
Component Browser]
    ./src/app/(dashboard)/over
view/page.tsx [Client 
Component Browser]
    ./src/app/(dashboard)/over
view/page.tsx [Server 
Component]

  Client Component SSR:
    ./src/components/analytics
/TechnologyRadar.tsx [Client 
Component SSR]
    ./src/components/spatial/S
ituationRegion.tsx [Client 
Component SSR]
    ./src/app/(dashboard)/over
view/page.tsx [Client 
Component SSR]
    ./src/app/(dashboard)/over
view/page.tsx [Server 
Component]

https://nextjs.org/docs/messag
es/module-not-found


./src/app/(dashboard)/explorer
/page.tsx:6:1
Module not found: Can't 
resolve 
'@/services/explorerService'
[0m [90m 4 |[39m 
[36mimport[39m { 
[33mPageContainer[39m } 
[36mfrom[39m [32m"@/compone
nts/layout/PageContainer"[39m
[33m;[39m
 [90m 5 |[39m 
[36mimport[39m { 
[33mTechCard[39m[33m,[39m 
[33mTechDetailPanel[39m } 
[36mfrom[39m [32m"@/compone
nts/explorer"[39m[33m;[39m
[31m[1m>[22m[39m[90m 6 
|[39m [36mimport[39m { getE
xplorerDocuments[33m,[39m 
getUniqueDomains } 
[36mfrom[39m [32m"@/service
s/explorerService"[39m[33m;
[39m
 [90m   |[39m [31m[1m^[22
m[39m[31m[1m^[22m[39m[31
m[1m^[22m[39m[31m[1m^[22
m[39m[31m[1m^[22m[39m[31
m[1m^[22m[39m[31m[1m^[22
m[39m[31m[1m^[22m[39m[31
m[1m^[22m[39m[31m[1m^[22
m[39m[31m[1m^[22m[39m[31
m[1m^[22m[39m[31m[1m^[22
m[39m[31m[1m^[22m[39m[31
m[1m^[22m[39m[31m[1m^[22
m[39m[31m[1m^[22m[39m[31
m[1m^[22m[39m[31m[1m^[22
m[39m[31m[1m^[22m[39m[31
m[1m^[22m[39m[31m[1m^[22
m[39m[31m[1m^[22m[39m[31
m[1m^[22m[39m[31m[1m^[22
m[39m[31m[1m^[22m[39m[31
m[1m^[22m[39m[31m[1m^[22
m[39m[31m[1m^[22m[39m[31
m[1m^[22m[39m[31m[1m^[22
m[39m[31m[1m^[22m[39m[31
m[1m^[22m[39m[31m[1m^[22
m[39m[31m[1m^[22m[39m[31
m[1m^[22m[39m[31m[1m^[22
m[39m[31m[1m^[22m[39m[31
m[1m^[22m[39m[31m[1m^[22
m[39m[31m[1m^[22m[39m[31
m[1m^[22m[39m[31m[1m^[22
m[39m[31m[1m^[22m[39m[31
m[1m^[22m[39m[31m[1m^[22
m[39m[31m[1m^[22m[39m[31
m[1m^[22m[39m[31m[1m^[22
m[39m[31m[1m^[22m[39m[31
m[1m^[22m[39m[31m[1m^[22
m[39m[31m[1m^[22m[39m[31
m[1m^[22m[39m[31m[1m^[22
m[39m[31m[1m^[22m[39m[31
m[1m^[22m[39m[31m[1m^[22
m[39m[31m[1m^[22m[39m[31
m[1m^[22m[39m[31m[1m^[22
m[39m[31m[1m^[22m[39m[31
m[1m^[22m[39m[31m[1m^[22
m[39m[31m[1m^[22m[39m[31
m[1m^[22m[39m[31m[1m^[22
m[39m[31m[1m^[22m[39m[31
m[1m^[22m[39m[31m[1m^[22
m[39m[31m[1m^[22m[39m[31
m[1m^[22m[39m[31m[1m^[22
m[39m[31m[1m^[22m[39m[31
m[1m^[22m[39m[31m[1m^[22
m[39m[31m[1m^[22m[39m[31
m[1m^[22m[39m[31m[1m^[22
m[39m[31m[1m^[22m[39m[31
m[1m^[22m[39m[31m[1m^[22
m[39m[31m[1m^[22m[39m[31
m[1m^[22m[39m
 [90m 7 |[39m 
[36mimport[39m type { 
[33mSourceType[39m } 
[36mfrom[39m [32m"@/data/st
aticData"[39m[33m;[39m
 [90m 8 |[39m
 [90m 9 |[39m 
[36mconst[39m [33mSOURCE_TY
PES[39m[33m:[39m { 
value[33m:[39m 
[33mSourceType[39m 
[33m|[39m 
[32m"all"[39m[33m;[39m 
label[33m:[39m string }[] 
[33m=[39m [[0m

Import map: aliased to 
relative './src/services/explo
rerService' inside of 
[project]/


Import traces:
  Client Component Browser:
    ./src/app/(dashboard)/expl
orer/page.tsx [Client 
Component Browser]
    ./src/app/(dashboard)/expl
orer/page.tsx [Server 
Component]

  Client Component SSR:
    ./src/app/(dashboard)/expl
orer/page.tsx [Client 
Component SSR]
    ./src/app/(dashboard)/expl
orer/page.tsx [Server 
Component]

https://nextjs.org/docs/messag
es/module-not-found


./src/components/analytics/Kno
wledgeGraph.tsx:5:1
Module not found: Can't 
resolve 
'@/services/graphService'
[0m [90m 3 |[39m 
[36mimport[39m { useState } 
[36mfrom[39m 
[32m"react"[39m[33m;[39m
 [90m 4 |[39m 
[36mimport[39m { useRouter 
} [36mfrom[39m [32m"next/na
vigation"[39m[33m;[39m
[31m[1m>[22m[39m[90m 5 
|[39m [36mimport[39m { 
getGraphData[33m,[39m 
getConnectedEdges } 
[36mfrom[39m [32m"@/service
s/graphService"[39m[33m;[39
m
 [90m   |[39m [31m[1m^[22
m[39m[31m[1m^[22m[39m[31
m[1m^[22m[39m[31m[1m^[22
m[39m[31m[1m^[22m[39m[31
m[1m^[22m[39m[31m[1m^[22
m[39m[31m[1m^[22m[39m[31
m[1m^[22m[39m[31m[1m^[22
m[39m[31m[1m^[22m[39m[31
m[1m^[22m[39m[31m[1m^[22
m[39m[31m[1m^[22m[39m[31
m[1m^[22m[39m[31m[1m^[22
m[39m[31m[1m^[22m[39m[31
m[1m^[22m[39m[31m[1m^[22
m[39m[31m[1m^[22m[39m[31
m[1m^[22m[39m[31m[1m^[22
m[39m[31m[1m^[22m[39m[31
m[1m^[22m[39m[31m[1m^[22
m[39m[31m[1m^[22m[39m[31
m[1m^[22m[39m[31m[1m^[22
m[39m[31m[1m^[22m[39m[31
m[1m^[22m[39m[31m[1m^[22
m[39m[31m[1m^[22m[39m[31
m[1m^[22m[39m[31m[1m^[22
m[39m[31m[1m^[22m[39m[31
m[1m^[22m[39m[31m[1m^[22
m[39m[31m[1m^[22m[39m[31
m[1m^[22m[39m[31m[1m^[22
m[39m[31m[1m^[22m[39m[31
m[1m^[22m[39m[31m[1m^[22
m[39m[31m[1m^[22m[39m[31
m[1m^[22m[39m[31m[1m^[22
m[39m[31m[1m^[22m[39m[31
m[1m^[22m[39m[31m[1m^[22
m[39m[31m[1m^[22m[39m[31
m[1m^[22m[39m[31m[1m^[22
m[39m[31m[1m^[22m[39m[31
m[1m^[22m[39m[31m[1m^[22
m[39m[31m[1m^[22m[39m[31
m[1m^[22m[39m[31m[1m^[22
m[39m[31m[1m^[22m[39m[31
m[1m^[22m[39m[31m[1m^[22
m[39m[31m[1m^[22m[39m[31
m[1m^[22m[39m[31m[1m^[22
m[39m[31m[1m^[22m[39m[31
m[1m^[22m[39m[31m[1m^[22
m[39m[31m[1m^[22m[39m[31
m[1m^[22m[39m[31m[1m^[22
m[39m[31m[1m^[22m[39m[31
m[1m^[22m[39m[31m[1m^[22
m[39m[31m[1m^[22m[39m
 [90m 6 |[39m 
[36mimport[39m type { [33mG
raphNode[39m[33m,[39m 
[33mGraphEdge[39m } 
[36mfrom[39m [32m"@/types/g
raph"[39m[33m;[39m
 [90m 7 |[39m 
[36mimport[39m { [33mNODE_S
TYLES[39m[33m,[39m 
[33mEDGE_STYLES[39m } 
[36mfrom[39m [32m"@/types/g
raph"[39m[33m;[39m
 [90m 8 |[39m[0m

Import map: aliased to 
relative 
'./src/services/graphService' 
inside of [project]/


Import traces:
  Server Component:
    ./src/components/analytics
/KnowledgeGraph.tsx
    ./src/app/(dashboard)/conv
ergence/page.tsx

  Client Component Browser:
    ./src/components/analytics
/KnowledgeGraph.tsx [Client 
Component Browser]
    ./src/components/analytics
/index.ts [Client Component 
Browser]
    ./src/components/spatial/S
ituationRegion.tsx [Client 
Component Browser]
    ./src/app/(dashboard)/over
view/page.tsx [Client 
Component Browser]
    ./src/app/(dashboard)/over
view/page.tsx [Server 
Component]

  Client Component SSR:
    ./src/components/analytics
/KnowledgeGraph.tsx [Client 
Component SSR]
    ./src/components/analytics
/index.ts [Client Component 
SSR]
    ./src/components/spatial/S
ituationRegion.tsx [Client 
Component SSR]
    ./src/app/(dashboard)/over
view/page.tsx [Client 
Component SSR]
    ./src/app/(dashboard)/over
view/page.tsx [Server 
Component]

https://nextjs.org/docs/messag
es/module-not-found


./src/components/analytics/Tec
hnologyRadar.tsx:6:1
Module not found: Can't 
resolve 
'@/services/graphService'
[0m [90m 4 |[39m 
[36mimport[39m { useRouter 
} [36mfrom[39m [32m"next/na
vigation"[39m[33m;[39m
 [90m 5 |[39m 
[36mimport[39m { 
getRadarTechnologies } 
[36mfrom[39m [32m"@/service
s/radarService"[39m[33m;[39
m
[31m[1m>[22m[39m[90m 6 
|[39m [36mimport[39m { 
getGraphNodes } 
[36mfrom[39m [32m"@/service
s/graphService"[39m[33m;[39
m
 [90m   |[39m [31m[1m^[22
m[39m[31m[1m^[22m[39m[31
m[1m^[22m[39m[31m[1m^[22
m[39m[31m[1m^[22m[39m[31
m[1m^[22m[39m[31m[1m^[22
m[39m[31m[1m^[22m[39m[31
m[1m^[22m[39m[31m[1m^[22
m[39m[31m[1m^[22m[39m[31
m[1m^[22m[39m[31m[1m^[22
m[39m[31m[1m^[22m[39m[31
m[1m^[22m[39m[31m[1m^[22
m[39m[31m[1m^[22m[39m[31
m[1m^[22m[39m[31m[1m^[22
m[39m[31m[1m^[22m[39m[31
m[1m^[22m[39m[31m[1m^[22
m[39m[31m[1m^[22m[39m[31
m[1m^[22m[39m[31m[1m^[22
m[39m[31m[1m^[22m[39m[31
m[1m^[22m[39m[31m[1m^[22
m[39m[31m[1m^[22m[39m[31
m[1m^[22m[39m[31m[1m^[22
m[39m[31m[1m^[22m[39m[31
m[1m^[22m[39m[31m[1m^[22
m[39m[31m[1m^[22m[39m[31
m[1m^[22m[39m[31m[1m^[22
m[39m[31m[1m^[22m[39m[31
m[1m^[22m[39m[31m[1m^[22
m[39m[31m[1m^[22m[39m[31
m[1m^[22m[39m[31m[1m^[22
m[39m[31m[1m^[22m[39m[31
m[1m^[22m[39m[31m[1m^[22
m[39m[31m[1m^[22m[39m[31
m[1m^[22m[39m[31m[1m^[22
m[39m[31m[1m^[22m[39m[31
m[1m^[22m[39m[31m[1m^[22
m[39m[31m[1m^[22m[39m[31
m[1m^[22m[39m[31m[1m^[22
m[39m[31m[1m^[22m[39m
 [90m 7 |[39m 
[36mimport[39m type { 
[33mRadarTechnology[39m } 
[36mfrom[39m [32m"@/types/r
adar"[39m[33m;[39m
 [90m 8 |[39m 
[36mimport[39m { 
[33mRING_CONFIG[39m } 
[36mfrom[39m [32m"@/types/r
adar"[39m[33m;[39m
 [90m 9 |[39m[0m

Import map: aliased to 
relative 
'./src/services/graphService' 
inside of [project]/


Import traces:
  Server Component:
    ./src/components/analytics
/TechnologyRadar.tsx
    ./src/components/analytics
/index.ts
    ./src/app/(dashboard)/conv
ergence/page.tsx

  Client Component Browser:
    ./src/components/analytics
/TechnologyRadar.tsx [Client 
Component Browser]
    ./src/components/spatial/S
ituationRegion.tsx [Client 
Component Browser]
    ./src/app/(dashboard)/over
view/page.tsx [Client 
Component Browser]
    ./src/app/(dashboard)/over
view/page.tsx [Server 
Component]

  Client Component SSR:
    ./src/components/analytics
/TechnologyRadar.tsx [Client 
Component SSR]
    ./src/components/spatial/S
ituationRegion.tsx [Client 
Component SSR]
    ./src/app/(dashboard)/over
view/page.tsx [Client 
Component SSR]
    ./src/app/(dashboard)/over
view/page.tsx [Server 
Component]

https://nextjs.org/docs/messag
es/module-not-found


./src/app/(dashboard)/alerts/p
age.tsx:6:1
Module not found: Can't 
resolve '@/services/intelligen
ceService'
[0m [90m 4 |[39m 
[36mimport[39m { 
[33mPageContainer[39m } 
[36mfrom[39m [32m"@/compone
nts/layout/PageContainer"[39m
[33m;[39m
 [90m 5 |[39m 
[36mimport[39m { 
[33mExplanationCard[39m } 
[36mfrom[39m [32m"@/compone
nts/intelligence"[39m[33m;[
39m
[31m[1m>[22m[39m[90m 6 
|[39m [36mimport[39m { getA
lertsExplanation[33m,[39m 
getWeakSignals[33m,[39m 
getConvergenceSignals } 
[36mfrom[39m [32m"@/service
s/intelligenceService"[39m[3
3m;[39m
 [90m   |[39m [31m[1m^[22
m[39m[31m[1m^[22m[39m[31
m[1m^[22m[39m[31m[1m^[22
m[39m[31m[1m^[22m[39m[31
m[1m^[22m[39m[31m[1m^[22
m[39m[31m[1m^[22m[39m[31
m[1m^[22m[39m[31m[1m^[22
m[39m[31m[1m^[22m[39m[31
m[1m^[22m[39m[31m[1m^[22
m[39m[31m[1m^[22m[39m[31
m[1m^[22m[39m[31m[1m^[22
m[39m[31m[1m^[22m[39m[31
m[1m^[22m[39m[31m[1m^[22
m[39m[31m[1m^[22m[39m[31
m[1m^[22m[39m[31m[1m^[22
m[39m[31m[1m^[22m[39m[31
m[1m^[22m[39m[31m[1m^[22
m[39m[31m[1m^[22m[39m[31
m[1m^[22m[39m[31m[1m^[22
m[39m[31m[1m^[22m[39m[31
m[1m^[22m[39m[31m[1m^[22
m[39m[31m[1m^[22m[39m[31
m[1m^[22m[39m[31m[1m^[22
m[39m[31m[1m^[22m[39m[31
m[1m^[22m[39m[31m[1m^[22
m[39m[31m[1m^[22m[39m[31
m[1m^[22m[39m[31m[1m^[22
m[39m[31m[1m^[22m[39m[31
m[1m^[22m[39m[31m[1m^[22
m[39m[31m[1m^[22m[39m[31
m[1m^[22m[39m[31m[1m^[22
m[39m[31m[1m^[22m[39m[31
m[1m^[22m[39m[31m[1m^[22
m[39m[31m[1m^[22m[39m[31
m[1m^[22m[39m[31m[1m^[22
m[39m[31m[1m^[22m[39m[31
m[1m^[22m[39m[31m[1m^[22
m[39m[31m[1m^[22m[39m[31
m[1m^[22m[39m[31m[1m^[22
m[39m[31m[1m^[22m[39m[31
m[1m^[22m[39m[31m[1m^[22
m[39m[31m[1m^[22m[39m[31
m[1m^[22m[39m[31m[1m^[22
m[39m[31m[1m^[22m[39m[31
m[1m^[22m[39m[31m[1m^[22
m[39m[31m[1m^[22m[39m[31
m[1m^[22m[39m[31m[1m^[22
m[39m[31m[1m^[22m[39m[31
m[1m^[22m[39m[31m[1m^[22
m[39m[31m[1m^[22m[39m[31
m[1m^[22m[39m[31m[1m^[22
m[39m[31m[1m^[22m[39m[31
m[1m^[22m[39m[31m[1m^[22
m[39m[31m[1m^[22m[39m[31
m[1m^[22m[39m[31m[1m^[22
m[39m[31m[1m^[22m[39m[31
m[1m^[22m[39m[31m[1m^[22
m[39m[31m[1m^[22m[39m[31
m[1m^[22m[39m[31m[1m^[22
m[39m[31m[1m^[22m[39m[31
m[1m^[22m[39m[31m[1m^[22
m[39m[31m[1m^[22m[39m[31
m[1m^[22m[39m[31m[1m^[22
m[39m[31m[1m^[22m[39m[31
m[1m^[22m[39m[31m[1m^[22
m[39m[31m[1m^[22m[39m[31
m[1m^[22m[39m[31m[1m^[22
m[39m[31m[1m^[22m[39m[31
m[1m^[22m[39m[31m[1m^[22
m[39m[31m[1m^[22m[39m[31
m[1m^[22m[39m[31m[1m^[22
m[39m[31m[1m^[22m[39m[31
m[1m^[22m[39m[31m[1m^[22
m[39m
 [90m 7 |[39m
 [90m 8 |[39m 
[36mexport[39m 
[36mdefault[39m 
[36mfunction[39m 
[33mOverviewPage[39m() {
 [90m 9 |[39m   
[36mconst[39m 
alertsExplanation [33m=[39m 
getAlertsExplanation()[33m;[
39m[0m

Import map: aliased to 
relative './src/services/intel
ligenceService' inside of 
[project]/


Import traces:
  Client Component Browser:
    ./src/app/(dashboard)/aler
ts/page.tsx [Client Component 
Browser]
    ./src/app/(dashboard)/aler
ts/page.tsx [Server Component]

  Client Component SSR:
    ./src/app/(dashboard)/aler
ts/page.tsx [Client Component 
SSR]
    ./src/app/(dashboard)/aler
ts/page.tsx [Server Component]

https://nextjs.org/docs/messag
es/module-not-found


./src/components/analytics/Tec
hnologyRadar.tsx:5:1
Module not found: Can't 
resolve 
'@/services/radarService'
[0m [90m 3 |[39m 
[36mimport[39m { useState } 
[36mfrom[39m 
[32m"react"[39m[33m;[39m
 [90m 4 |[39m 
[36mimport[39m { useRouter 
} [36mfrom[39m [32m"next/na
vigation"[39m[33m;[39m
[31m[1m>[22m[39m[90m 5 
|[39m [36mimport[39m { 
getRadarTechnologies } 
[36mfrom[39m [32m"@/service
s/radarService"[39m[33m;[39
m
 [90m   |[39m [31m[1m^[22
m[39m[31m[1m^[22m[39m[31
m[1m^[22m[39m[31m[1m^[22
m[39m[31m[1m^[22m[39m[31
m[1m^[22m[39m[31m[1m^[22
m[39m[31m[1m^[22m[39m[31
m[1m^[22m[39m[31m[1m^[22
m[39m[31m[1m^[22m[39m[31
m[1m^[22m[39m[31m[1m^[22
m[39m[31m[1m^[22m[39m[31
m[1m^[22m[39m[31m[1m^[22
m[39m[31m[1m^[22m[39m[31
m[1m^[22m[39m[31m[1m^[22
m[39m[31m[1m^[22m[39m[31
m[1m^[22m[39m[31m[1m^[22
m[39m[31m[1m^[22m[39m[31
m[1m^[22m[39m[31m[1m^[22
m[39m[31m[1m^[22m[39m[31
m[1m^[22m[39m[31m[1m^[22
m[39m[31m[1m^[22m[39m[31
m[1m^[22m[39m[31m[1m^[22
m[39m[31m[1m^[22m[39m[31
m[1m^[22m[39m[31m[1m^[22
m[39m[31m[1m^[22m[39m[31
m[1m^[22m[39m[31m[1m^[22
m[39m[31m[1m^[22m[39m[31
m[1m^[22m[39m[31m[1m^[22
m[39m[31m[1m^[22m[39m[31
m[1m^[22m[39m[31m[1m^[22
m[39m[31m[1m^[22m[39m[31
m[1m^[22m[39m[31m[1m^[22
m[39m[31m[1m^[22m[39m[31
m[1m^[22m[39m[31m[1m^[22
m[39m[31m[1m^[22m[39m[31
m[1m^[22m[39m[31m[1m^[22
m[39m[31m[1m^[22m[39m[31
m[1m^[22m[39m[31m[1m^[22
m[39m[31m[1m^[22m[39m[31
m[1m^[22m[39m[31m[1m^[22
m[39m[31m[1m^[22m[39m[31
m[1m^[22m[39m[31m[1m^[22
m[39m[31m[1m^[22m[39m[31
m[1m^[22m[39m
 [90m 6 |[39m 
[36mimport[39m { 
getGraphNodes } 
[36mfrom[39m [32m"@/service
s/graphService"[39m[33m;[39
m
 [90m 7 |[39m 
[36mimport[39m type { 
[33mRadarTechnology[39m } 
[36mfrom[39m [32m"@/types/r
adar"[39m[33m;[39m
 [90m 8 |[39m 
[36mimport[39m { 
[33mRING_CONFIG[39m } 
[36mfrom[39m [32m"@/types/r
adar"[39m[33m;[39m[0m

Import map: aliased to 
relative 
'./src/services/radarService' 
inside of [project]/


Import traces:
  Server Component:
    ./src/components/analytics
/TechnologyRadar.tsx
    ./src/components/analytics
/index.ts
    ./src/app/(dashboard)/conv
ergence/page.tsx

  Client Component Browser:
    ./src/components/analytics
/TechnologyRadar.tsx [Client 
Component Browser]
    ./src/components/spatial/S
ituationRegion.tsx [Client 
Component Browser]
    ./src/app/(dashboard)/over
view/page.tsx [Client 
Component Browser]
    ./src/app/(dashboard)/over
view/page.tsx [Server 
Component]

  Client Component SSR:
    ./src/components/analytics
/TechnologyRadar.tsx [Client 
Component SSR]
    ./src/components/spatial/S
ituationRegion.tsx [Client 
Component SSR]
    ./src/app/(dashboard)/over
view/page.tsx [Client 
Component SSR]
    ./src/app/(dashboard)/over
view/page.tsx [Server 
Component]

https://nextjs.org/docs/messag
es/module-not-found


    at <unknown> (./src/compon
ents/analytics/index.ts:4:1)
    at <unknown> (https://next
js.org/docs/messages/module-no
t-found)
    at <unknown> (./src/app/(d
ashboard)/explorer/page.tsx:5:
1)
    at <unknown> (https://next
js.org/docs/messages/module-no
t-found)
    at <unknown> (./src/app/(d
ashboard)/alerts/page.tsx:5:1)
    at <unknown> (https://next
js.org/docs/messages/module-no
t-found)
    at <unknown> (./src/compon
ents/analytics/TechnologyRadar
.tsx:10:1)
    at <unknown> (https://next
js.org/docs/messages/module-no
t-found)
    at <unknown> (./src/app/(d
ashboard)/explorer/page.tsx:6:
1)
    at <unknown> (https://next
js.org/docs/messages/module-no
t-found)
    at <unknown> (./src/compon
ents/analytics/KnowledgeGraph.
tsx:5:1)
    at <unknown> (https://next
js.org/docs/messages/module-no
t-found)
    at <unknown> (./src/compon
ents/analytics/TechnologyRadar
.tsx:6:1)
    at <unknown> (https://next
js.org/docs/messages/module-no
t-found)
    at <unknown> (./src/app/(d
ashboard)/alerts/page.tsx:6:1)
    at <unknown> (https://next
js.org/docs/messages/module-no
t-found)
    at <unknown> (./src/compon
ents/analytics/TechnologyRadar
.tsx:5:1)
    at <unknown> (https://next
js.org/docs/messages/module-no
t-found)
