
> actif-platform@0.1.0 build
> next build

Γû▓ Next.js 16.1.6 (Turbopack)

  Creating an optimized production build ...
node.exe : 
At line:1 char:1
+ & "C:\Program Files\nodejs/node.exe" 
"C:\Users\Virendra\AppData\Roami ...
+ ~~~~~~~~~~~~~~~~~~~~~~~~~~~~~~~~~~~~~~~~~~~~~~
~~~~~~~~~~~~~~~~~~~~~~~
    + CategoryInfo          : NotSpecified: (:S 
   tring) [], RemoteException
    + FullyQualifiedErrorId : NativeCommandErro 
   r
 
> Build error occurred
Error: Turbopack build failed with 2 errors:
./src/components/spatial/regions/SignalsRegion.t
sx:5:1
Export getWeakSignals doesn't exist in target 
module
[0m [90m 3 |[39m [36mimport[39m { useMemo 
} [36mfrom[39m [32m"react"[39m[33m;[39m
 [90m 4 |[39m [36mimport[39m [33mLink[39m 
[36mfrom[39m [32m"next/link"[39m[33m;[39m
[31m[1m>[22m[39m[90m 5 |[39m 
[36mimport[39m { getWeakSignals[33m,[39m 
type [33mWeakSignal[39m } [36mfrom[39m [32m
"@/intelligence/weakSignals"[39m[33m;[39m
 [90m   |[39m [31m[1m^[22m[39m[31m[1m^[
22m[39m[31m[1m^[22m[39m[31m[1m^[22m[39m
[31m[1m^[22m[39m[31m[1m^[22m[39m[31m[1
m^[22m[39m[31m[1m^[22m[39m[31m[1m^[22m
[39m[31m[1m^[22m[39m[31m[1m^[22m[39m[31
m[1m^[22m[39m[31m[1m^[22m[39m[31m[1m^[
22m[39m[31m[1m^[22m[39m[31m[1m^[22m[39m
[31m[1m^[22m[39m[31m[1m^[22m[39m[31m[1
m^[22m[39m[31m[1m^[22m[39m[31m[1m^[22m
[39m[31m[1m^[22m[39m[31m[1m^[22m[39m[31
m[1m^[22m[39m[31m[1m^[22m[39m[31m[1m^[
22m[39m[31m[1m^[22m[39m[31m[1m^[22m[39m
[31m[1m^[22m[39m[31m[1m^[22m[39m[31m[1
m^[22m[39m[31m[1m^[22m[39m[31m[1m^[22m
[39m[31m[1m^[22m[39m[31m[1m^[22m[39m[31
m[1m^[22m[39m[31m[1m^[22m[39m[31m[1m^[
22m[39m[31m[1m^[22m[39m[31m[1m^[22m[39m
[31m[1m^[22m[39m[31m[1m^[22m[39m[31m[1
m^[22m[39m[31m[1m^[22m[39m[31m[1m^[22m
[39m[31m[1m^[22m[39m[31m[1m^[22m[39m[31
m[1m^[22m[39m[31m[1m^[22m[39m[31m[1m^[
22m[39m[31m[1m^[22m[39m[31m[1m^[22m[39m
[31m[1m^[22m[39m[31m[1m^[22m[39m[31m[1
m^[22m[39m[31m[1m^[22m[39m[31m[1m^[22m
[39m[31m[1m^[22m[39m[31m[1m^[22m[39m[31
m[1m^[22m[39m[31m[1m^[22m[39m[31m[1m^[
22m[39m[31m[1m^[22m[39m[31m[1m^[22m[39m
[31m[1m^[22m[39m[31m[1m^[22m[39m[31m[1
m^[22m[39m[31m[1m^[22m[39m[31m[1m^[22m
[39m[31m[1m^[22m[39m[31m[1m^[22m[39m[31
m[1m^[22m[39m[31m[1m^[22m[39m[31m[1m^[
22m[39m[31m[1m^[22m[39m[31m[1m^[22m[39m
[31m[1m^[22m[39m
 [90m 6 |[39m [36mimport[39m { 
detectConvergence[33m,[39m type 
[33mConvergenceSignal[39m } [36mfrom[39m [3
2m"@/intelligence/convergence"[39m[33m;[39m
 [90m 7 |[39m [36mimport[39m { 
useIntelligence } [36mfrom[39m [32m"@/context
/IntelligenceContext"[39m[33m;[39m
 [90m 8 |[39m[0m

The export getWeakSignals was not found in 
module 
[project]/src/intelligence/weakSignals.ts 
[app-client] (ecmascript).
Did you mean to import detectWeakSignal?
All exports of the module are statically known 
(It doesn't have dynamic exports). So it's 
known statically that the requested export 
doesn't exist.

Import traces:
  Client Component Browser:
    ./src/components/spatial/regions/SignalsRegi
on.tsx [Client Component Browser]
    
./src/components/spatial/ArgusEnvironment.tsx 
[Client Component Browser]
    ./src/components/layout/AppShell.tsx 
[Client Component Browser]
    ./src/app/(dashboard)/layout.tsx [Client 
Component Browser]
    ./src/app/(dashboard)/layout.tsx [Server 
Component]

  Client Component SSR:
    ./src/components/spatial/regions/SignalsRegi
on.tsx [Client Component SSR]
    
./src/components/spatial/ArgusEnvironment.tsx 
[Client Component SSR]
    ./src/components/layout/AppShell.tsx 
[Client Component SSR]
    ./src/app/(dashboard)/layout.tsx [Client 
Component SSR]
    ./src/app/(dashboard)/layout.tsx [Server 
Component]


./src/components/spatial/regions/SignalsRegion.t
sx:5:1
Export getWeakSignals doesn't exist in target 
module
[0m [90m 3 |[39m [36mimport[39m { useMemo 
} [36mfrom[39m [32m"react"[39m[33m;[39m
 [90m 4 |[39m [36mimport[39m [33mLink[39m 
[36mfrom[39m [32m"next/link"[39m[33m;[39m
[31m[1m>[22m[39m[90m 5 |[39m 
[36mimport[39m { getWeakSignals[33m,[39m 
type [33mWeakSignal[39m } [36mfrom[39m [32m
"@/intelligence/weakSignals"[39m[33m;[39m
 [90m   |[39m [31m[1m^[22m[39m[31m[1m^[
22m[39m[31m[1m^[22m[39m[31m[1m^[22m[39m
[31m[1m^[22m[39m[31m[1m^[22m[39m[31m[1
m^[22m[39m[31m[1m^[22m[39m[31m[1m^[22m
[39m[31m[1m^[22m[39m[31m[1m^[22m[39m[31
m[1m^[22m[39m[31m[1m^[22m[39m[31m[1m^[
22m[39m[31m[1m^[22m[39m[31m[1m^[22m[39m
[31m[1m^[22m[39m[31m[1m^[22m[39m[31m[1
m^[22m[39m[31m[1m^[22m[39m[31m[1m^[22m
[39m[31m[1m^[22m[39m[31m[1m^[22m[39m[31
m[1m^[22m[39m[31m[1m^[22m[39m[31m[1m^[
22m[39m[31m[1m^[22m[39m[31m[1m^[22m[39m
[31m[1m^[22m[39m[31m[1m^[22m[39m[31m[1
m^[22m[39m[31m[1m^[22m[39m[31m[1m^[22m
[39m[31m[1m^[22m[39m[31m[1m^[22m[39m[31
m[1m^[22m[39m[31m[1m^[22m[39m[31m[1m^[
22m[39m[31m[1m^[22m[39m[31m[1m^[22m[39m
[31m[1m^[22m[39m[31m[1m^[22m[39m[31m[1
m^[22m[39m[31m[1m^[22m[39m[31m[1m^[22m
[39m[31m[1m^[22m[39m[31m[1m^[22m[39m[31
m[1m^[22m[39m[31m[1m^[22m[39m[31m[1m^[
22m[39m[31m[1m^[22m[39m[31m[1m^[22m[39m
[31m[1m^[22m[39m[31m[1m^[22m[39m[31m[1
m^[22m[39m[31m[1m^[22m[39m[31m[1m^[22m
[39m[31m[1m^[22m[39m[31m[1m^[22m[39m[31
m[1m^[22m[39m[31m[1m^[22m[39m[31m[1m^[
22m[39m[31m[1m^[22m[39m[31m[1m^[22m[39m
[31m[1m^[22m[39m[31m[1m^[22m[39m[31m[1
m^[22m[39m[31m[1m^[22m[39m[31m[1m^[22m
[39m[31m[1m^[22m[39m[31m[1m^[22m[39m[31
m[1m^[22m[39m[31m[1m^[22m[39m[31m[1m^[
22m[39m[31m[1m^[22m[39m[31m[1m^[22m[39m
[31m[1m^[22m[39m
 [90m 6 |[39m [36mimport[39m { 
detectConvergence[33m,[39m type 
[33mConvergenceSignal[39m } [36mfrom[39m [3
2m"@/intelligence/convergence"[39m[33m;[39m
 [90m 7 |[39m [36mimport[39m { 
useIntelligence } [36mfrom[39m [32m"@/context
/IntelligenceContext"[39m[33m;[39m
 [90m 8 |[39m[0m

The export getWeakSignals was not found in 
module 
[project]/src/intelligence/weakSignals.ts 
[app-ssr] (ecmascript).
Did you mean to import detectWeakSignal?
All exports of the module are statically known 
(It doesn't have dynamic exports). So it's 
known statically that the requested export 
doesn't exist.

Import traces:
  Client Component Browser:
    ./src/components/spatial/regions/SignalsRegi
on.tsx [Client Component Browser]
    
./src/components/spatial/ArgusEnvironment.tsx 
[Client Component Browser]
    ./src/components/layout/AppShell.tsx 
[Client Component Browser]
    ./src/app/(dashboard)/layout.tsx [Client 
Component Browser]
    ./src/app/(dashboard)/layout.tsx [Server 
Component]

  Client Component SSR:
    ./src/components/spatial/regions/SignalsRegi
on.tsx [Client Component SSR]
    
./src/components/spatial/ArgusEnvironment.tsx 
[Client Component SSR]
    ./src/components/layout/AppShell.tsx 
[Client Component SSR]
    ./src/app/(dashboard)/layout.tsx [Client 
Component SSR]
    ./src/app/(dashboard)/layout.tsx [Server 
Component]


    at <unknown> (./src/components/spatial/regio
ns/SignalsRegion.tsx:5:1)
    at <unknown> (./src/components/spatial/regio
ns/SignalsRegion.tsx:5:1)
